# serializer version: 1
# name: test_migration_v30_full_kid_structure_snapshot
  dict({
    'approved_chores': list([
    ]),
    'badges_earned': dict({
      '2ad673de-d456-49a6-96d5-f8832a1590ef': dict({
        'award_count': 1,
        'badge_name': 'Bronze',
        'last_awarded_date': '2025-12-18',
      }),
    }),
    'bonus_applies': dict({
    }),
    'chore_approvals': dict({
      '0e34edfa-4c67-4edb-b2dc-81aecbaba55a': 2,
      '299913fd-2e39-4550-801e-d8516ec81ede': 14,
      '2fb9a182-3f33-4069-97d3-f8c4f0a5203c': 1,
      '423d4c15-8792-41a3-939d-28d69004c9ca': 1,
      '5c2050fe-0378-4f5b-aa0f-5feaa7eaef25': 48,
      '67eacd5b-ed84-4b4f-8061-6f26254369c1': 3,
      '747cf738-9011-44e4-afaf-774a795b1db3': 12,
      'ac122869-5d58-4d19-9d37-b3065b050463': 11,
      'b54547f1-21bb-46a8-b056-3e3679a60726': 3,
      'b8a9c342-8ac8-4f7b-b099-c1ff9e3b3875': 43,
      'e50d528f-c0ac-4a03-85c6-15afc46d8aaa': 3,
      'e5c3b45b-e063-41f6-81fe-d11b24da41d5': 42,
      'f0258b5a-db9c-485b-aff6-eab9c52c4384': 2,
      'f2b30a1d-7678-4af0-a9b0-a83283e63e87': 12,
    }),
    'chore_claims': dict({
      '0e34edfa-4c67-4edb-b2dc-81aecbaba55a': 1,
      '299913fd-2e39-4550-801e-d8516ec81ede': 10,
      '5c2050fe-0378-4f5b-aa0f-5feaa7eaef25': 14,
      '67eacd5b-ed84-4b4f-8061-6f26254369c1': 7,
      '747cf738-9011-44e4-afaf-774a795b1db3': 4,
      'ac122869-5d58-4d19-9d37-b3065b050463': 5,
      'b54547f1-21bb-46a8-b056-3e3679a60726': 3,
      'b8a9c342-8ac8-4f7b-b099-c1ff9e3b3875': 14,
      'e50d528f-c0ac-4a03-85c6-15afc46d8aaa': 2,
      'e5c3b45b-e063-41f6-81fe-d11b24da41d5': 13,
      'f0258b5a-db9c-485b-aff6-eab9c52c4384': 1,
      'f2b30a1d-7678-4af0-a9b0-a83283e63e87': 7,
    }),
    'chore_data': dict({
      '0e34edfa-4c67-4edb-b2dc-81aecbaba55a': dict({
        'badge_refs': list([
        ]),
        'last_approved': None,
        'last_claimed': None,
        'last_disapproved': None,
        'last_longest_streak_all_time': None,
        'last_overdue': None,
        'name': 'Sort Dirty Laundry',
        'periods': dict({
          'all_time': dict({
            'all_time': dict({
              'approved': 2,
              'claimed': 1,
              'disapproved': 0,
              'longest_streak': 1,
              'overdue': 0,
              'points': 0.0,
            }),
          }),
          'daily': dict({
            '2025-04-06': dict({
              'approved': 0,
              'claimed': 0,
              'disapproved': 0,
              'longest_streak': 1,
              'overdue': 0,
              'points': 0.0,
            }),
            '2025-12-18': dict({
              'approved': 0,
              'claimed': 0,
              'disapproved': 0,
              'longest_streak': 0,
              'overdue': 0,
              'points': 0.0,
            }),
          }),
          'monthly': dict({
            '2025-04': dict({
              'approved': 0,
              'claimed': 0,
              'disapproved': 0,
              'longest_streak': 1,
              'overdue': 0,
              'points': 0.0,
            }),
            '2025-12': dict({
              'approved': 0,
              'claimed': 0,
              'disapproved': 0,
              'longest_streak': 0,
              'overdue': 0,
              'points': 0.0,
            }),
          }),
          'weekly': dict({
            '2025-W14': dict({
              'approved': 0,
              'claimed': 0,
              'disapproved': 0,
              'longest_streak': 1,
              'overdue': 0,
              'points': 0.0,
            }),
            '2025-W51': dict({
              'approved': 0,
              'claimed': 0,
              'disapproved': 0,
              'longest_streak': 0,
              'overdue': 0,
              'points': 0.0,
            }),
          }),
          'yearly': dict({
            '2025': dict({
              'approved': 2,
              'claimed': 1,
              'disapproved': 0,
              'longest_streak': 1,
              'overdue': 0,
              'points': 0.0,
            }),
          }),
        }),
        'state': 'pending',
      }),
      '299913fd-2e39-4550-801e-d8516ec81ede': dict({
        'badge_refs': list([
        ]),
        'last_approved': None,
        'last_claimed': None,
        'last_disapproved': None,
        'last_longest_streak_all_time': None,
        'last_overdue': None,
        'name': 'Physical Activity',
        'periods': dict({
          'all_time': dict({
            'all_time': dict({
              'approved': 14,
              'claimed': 10,
              'disapproved': 0,
              'longest_streak': 2,
              'overdue': 0,
              'points': 0.0,
            }),
          }),
          'daily': dict({
            '2025-04-21': dict({
              'approved': 0,
              'claimed': 0,
              'disapproved': 0,
              'longest_streak': 1,
              'overdue': 0,
              'points': 0.0,
            }),
            '2025-12-18': dict({
              'approved': 0,
              'claimed': 0,
              'disapproved': 0,
              'longest_streak': 0,
              'overdue': 0,
              'points': 0.0,
            }),
          }),
          'monthly': dict({
            '2025-04': dict({
              'approved': 0,
              'claimed': 0,
              'disapproved': 0,
              'longest_streak': 2,
              'overdue': 0,
              'points': 0.0,
            }),
            '2025-12': dict({
              'approved': 0,
              'claimed': 0,
              'disapproved': 0,
              'longest_streak': 0,
              'overdue': 0,
              'points': 0.0,
            }),
          }),
          'weekly': dict({
            '2025-W17': dict({
              'approved': 0,
              'claimed': 0,
              'disapproved': 0,
              'longest_streak': 2,
              'overdue': 0,
              'points': 0.0,
            }),
            '2025-W51': dict({
              'approved': 0,
              'claimed': 0,
              'disapproved': 0,
              'longest_streak': 0,
              'overdue': 0,
              'points': 0.0,
            }),
          }),
          'yearly': dict({
            '2025': dict({
              'approved': 14,
              'claimed': 10,
              'disapproved': 0,
              'longest_streak': 2,
              'overdue': 0,
              'points': 0.0,
            }),
          }),
        }),
        'state': 'pending',
      }),
      '2fb9a182-3f33-4069-97d3-f8c4f0a5203c': dict({
        'badge_refs': list([
        ]),
        'due_date': '2025-04-25T01:00:00+00:00',
        'last_approved': None,
        'last_claimed': None,
        'last_disapproved': None,
        'last_longest_streak_all_time': None,
        'last_overdue': '2025-12-19T05:10:49.427331+00:00',
        'name': 'Trash to Street',
        'periods': dict({
          'all_time': dict({
            'all_time': dict({
              'approved': 1,
              'claimed': 0,
              'disapproved': 0,
              'longest_streak': 1,
              'overdue': 1,
              'points': 0.0,
            }),
          }),
          'daily': dict({
            '2025-12-18': dict({
              'approved': 0,
              'claimed': 0,
              'disapproved': 0,
              'longest_streak': 0,
              'overdue': 1,
              'points': 0.0,
            }),
          }),
          'monthly': dict({
            '2025-12': dict({
              'approved': 0,
              'claimed': 0,
              'disapproved': 0,
              'longest_streak': 0,
              'overdue': 1,
              'points': 0.0,
            }),
          }),
          'weekly': dict({
            '2025-W51': dict({
              'approved': 0,
              'claimed': 0,
              'disapproved': 0,
              'longest_streak': 0,
              'overdue': 1,
              'points': 0.0,
            }),
          }),
          'yearly': dict({
            '2025': dict({
              'approved': 1,
              'claimed': 0,
              'disapproved': 0,
              'longest_streak': 1,
              'overdue': 1,
              'points': 0.0,
            }),
          }),
        }),
        'state': 'overdue',
      }),
      '423d4c15-8792-41a3-939d-28d69004c9ca': dict({
        'badge_refs': list([
        ]),
        'last_approved': None,
        'last_claimed': None,
        'last_disapproved': None,
        'last_longest_streak_all_time': None,
        'last_overdue': None,
        'name': 'Put Laundry Away',
        'periods': dict({
          'all_time': dict({
            'all_time': dict({
              'approved': 1,
              'claimed': 0,
              'disapproved': 0,
              'longest_streak': 1,
              'overdue': 0,
              'points': 0.0,
            }),
          }),
          'daily': dict({
            '2025-04-10': dict({
              'approved': 0,
              'claimed': 0,
              'disapproved': 0,
              'longest_streak': 1,
              'overdue': 0,
              'points': 0.0,
            }),
            '2025-12-18': dict({
              'approved': 0,
              'claimed': 0,
              'disapproved': 0,
              'longest_streak': 0,
              'overdue': 0,
              'points': 0.0,
            }),
          }),
          'monthly': dict({
            '2025-04': dict({
              'approved': 0,
              'claimed': 0,
              'disapproved': 0,
              'longest_streak': 1,
              'overdue': 0,
              'points': 0.0,
            }),
            '2025-12': dict({
              'approved': 0,
              'claimed': 0,
              'disapproved': 0,
              'longest_streak': 0,
              'overdue': 0,
              'points': 0.0,
            }),
          }),
          'weekly': dict({
            '2025-W15': dict({
              'approved': 0,
              'claimed': 0,
              'disapproved': 0,
              'longest_streak': 1,
              'overdue': 0,
              'points': 0.0,
            }),
            '2025-W51': dict({
              'approved': 0,
              'claimed': 0,
              'disapproved': 0,
              'longest_streak': 0,
              'overdue': 0,
              'points': 0.0,
            }),
          }),
          'yearly': dict({
            '2025': dict({
              'approved': 1,
              'claimed': 0,
              'disapproved': 0,
              'longest_streak': 1,
              'overdue': 0,
              'points': 0.0,
            }),
          }),
        }),
        'state': 'pending',
      }),
      '5c2050fe-0378-4f5b-aa0f-5feaa7eaef25': dict({
        'badge_refs': list([
        ]),
        'last_approved': None,
        'last_claimed': None,
        'last_disapproved': None,
        'last_longest_streak_all_time': None,
        'last_overdue': None,
        'name': 'Feed Cat AM',
        'periods': dict({
          'all_time': dict({
            'all_time': dict({
              'approved': 48,
              'claimed': 14,
              'disapproved': 0,
              'longest_streak': 11,
              'overdue': 0,
              'points': 0.0,
            }),
          }),
          'daily': dict({
            '2025-04-22': dict({
              'approved': 0,
              'claimed': 0,
              'disapproved': 0,
              'longest_streak': 1,
              'overdue': 0,
              'points': 0.0,
            }),
            '2025-12-18': dict({
              'approved': 0,
              'claimed': 0,
              'disapproved': 0,
              'longest_streak': 0,
              'overdue': 0,
              'points': 0.0,
            }),
          }),
          'monthly': dict({
            '2025-04': dict({
              'approved': 0,
              'claimed': 0,
              'disapproved': 0,
              'longest_streak': 11,
              'overdue': 0,
              'points': 0.0,
            }),
            '2025-12': dict({
              'approved': 0,
              'claimed': 0,
              'disapproved': 0,
              'longest_streak': 0,
              'overdue': 0,
              'points': 0.0,
            }),
          }),
          'weekly': dict({
            '2025-W17': dict({
              'approved': 0,
              'claimed': 0,
              'disapproved': 0,
              'longest_streak': 11,
              'overdue': 0,
              'points': 0.0,
            }),
            '2025-W51': dict({
              'approved': 0,
              'claimed': 0,
              'disapproved': 0,
              'longest_streak': 0,
              'overdue': 0,
              'points': 0.0,
            }),
          }),
          'yearly': dict({
            '2025': dict({
              'approved': 48,
              'claimed': 14,
              'disapproved': 0,
              'longest_streak': 11,
              'overdue': 0,
              'points': 0.0,
            }),
          }),
        }),
        'state': 'pending',
      }),
      '67eacd5b-ed84-4b4f-8061-6f26254369c1': dict({
        'badge_refs': list([
        ]),
        'last_approved': None,
        'last_claimed': None,
        'last_disapproved': None,
        'last_longest_streak_all_time': None,
        'last_overdue': None,
        'name': 'Do The Dishes',
        'periods': dict({
          'all_time': dict({
            'all_time': dict({
              'approved': 3,
              'claimed': 7,
              'disapproved': 0,
              'longest_streak': 1,
              'overdue': 0,
              'points': 0.0,
            }),
          }),
          'daily': dict({
            '2025-04-18': dict({
              'approved': 0,
              'claimed': 0,
              'disapproved': 0,
              'longest_streak': 1,
              'overdue': 0,
              'points': 0.0,
            }),
            '2025-12-18': dict({
              'approved': 0,
              'claimed': 0,
              'disapproved': 0,
              'longest_streak': 0,
              'overdue': 0,
              'points': 0.0,
            }),
          }),
          'monthly': dict({
            '2025-04': dict({
              'approved': 0,
              'claimed': 0,
              'disapproved': 0,
              'longest_streak': 1,
              'overdue': 0,
              'points': 0.0,
            }),
            '2025-12': dict({
              'approved': 0,
              'claimed': 0,
              'disapproved': 0,
              'longest_streak': 0,
              'overdue': 0,
              'points': 0.0,
            }),
          }),
          'weekly': dict({
            '2025-W16': dict({
              'approved': 0,
              'claimed': 0,
              'disapproved': 0,
              'longest_streak': 1,
              'overdue': 0,
              'points': 0.0,
            }),
            '2025-W51': dict({
              'approved': 0,
              'claimed': 0,
              'disapproved': 0,
              'longest_streak': 0,
              'overdue': 0,
              'points': 0.0,
            }),
          }),
          'yearly': dict({
            '2025': dict({
              'approved': 3,
              'claimed': 7,
              'disapproved': 0,
              'longest_streak': 1,
              'overdue': 0,
              'points': 0.0,
            }),
          }),
        }),
        'state': 'pending',
      }),
      '747cf738-9011-44e4-afaf-774a795b1db3': dict({
        'badge_refs': list([
        ]),
        'due_date': '2025-04-24T00:00:00+00:00',
        'last_approved': None,
        'last_claimed': None,
        'last_disapproved': None,
        'last_longest_streak_all_time': None,
        'last_overdue': '2025-12-19T05:10:49.427077+00:00',
        'name': 'Shower',
        'periods': dict({
          'all_time': dict({
            'all_time': dict({
              'approved': 12,
              'claimed': 4,
              'disapproved': 0,
              'longest_streak': 2,
              'overdue': 1,
              'points': 0.0,
            }),
          }),
          'daily': dict({
            '2025-12-18': dict({
              'approved': 0,
              'claimed': 0,
              'disapproved': 0,
              'longest_streak': 0,
              'overdue': 1,
              'points': 0.0,
            }),
          }),
          'monthly': dict({
            '2025-12': dict({
              'approved': 0,
              'claimed': 0,
              'disapproved': 0,
              'longest_streak': 0,
              'overdue': 1,
              'points': 0.0,
            }),
          }),
          'weekly': dict({
            '2025-W51': dict({
              'approved': 0,
              'claimed': 0,
              'disapproved': 0,
              'longest_streak': 0,
              'overdue': 1,
              'points': 0.0,
            }),
          }),
          'yearly': dict({
            '2025': dict({
              'approved': 12,
              'claimed': 4,
              'disapproved': 0,
              'longest_streak': 2,
              'overdue': 1,
              'points': 0.0,
            }),
          }),
        }),
        'state': 'overdue',
      }),
      'ac122869-5d58-4d19-9d37-b3065b050463': dict({
        'badge_refs': list([
        ]),
        'last_approved': None,
        'last_claimed': None,
        'last_disapproved': None,
        'last_longest_streak_all_time': None,
        'last_overdue': None,
        'name': 'Complete Homework',
        'periods': dict({
          'all_time': dict({
            'all_time': dict({
              'approved': 11,
              'claimed': 5,
              'disapproved': 0,
              'longest_streak': 2,
              'overdue': 0,
              'points': 0.0,
            }),
          }),
          'daily': dict({
            '2025-04-21': dict({
              'approved': 0,
              'claimed': 0,
              'disapproved': 0,
              'longest_streak': 1,
              'overdue': 0,
              'points': 0.0,
            }),
            '2025-12-18': dict({
              'approved': 0,
              'claimed': 0,
              'disapproved': 0,
              'longest_streak': 0,
              'overdue': 0,
              'points': 0.0,
            }),
          }),
          'monthly': dict({
            '2025-04': dict({
              'approved': 0,
              'claimed': 0,
              'disapproved': 0,
              'longest_streak': 2,
              'overdue': 0,
              'points': 0.0,
            }),
            '2025-12': dict({
              'approved': 0,
              'claimed': 0,
              'disapproved': 0,
              'longest_streak': 0,
              'overdue': 0,
              'points': 0.0,
            }),
          }),
          'weekly': dict({
            '2025-W17': dict({
              'approved': 0,
              'claimed': 0,
              'disapproved': 0,
              'longest_streak': 2,
              'overdue': 0,
              'points': 0.0,
            }),
            '2025-W51': dict({
              'approved': 0,
              'claimed': 0,
              'disapproved': 0,
              'longest_streak': 0,
              'overdue': 0,
              'points': 0.0,
            }),
          }),
          'yearly': dict({
            '2025': dict({
              'approved': 11,
              'claimed': 5,
              'disapproved': 0,
              'longest_streak': 2,
              'overdue': 0,
              'points': 0.0,
            }),
          }),
        }),
        'state': 'pending',
      }),
      'b54547f1-21bb-46a8-b056-3e3679a60726': dict({
        'badge_refs': list([
        ]),
        'due_date': '2025-04-23T01:00:00+00:00',
        'last_approved': None,
        'last_claimed': None,
        'last_disapproved': None,
        'last_longest_streak_all_time': None,
        'last_overdue': '2025-12-19T05:10:49.427451+00:00',
        'name': 'Pack Lunch',
        'periods': dict({
          'all_time': dict({
            'all_time': dict({
              'approved': 3,
              'claimed': 3,
              'disapproved': 0,
              'longest_streak': 1,
              'overdue': 1,
              'points': 0.0,
            }),
          }),
          'daily': dict({
            '2025-12-18': dict({
              'approved': 0,
              'claimed': 0,
              'disapproved': 0,
              'longest_streak': 0,
              'overdue': 1,
              'points': 0.0,
            }),
          }),
          'monthly': dict({
            '2025-12': dict({
              'approved': 0,
              'claimed': 0,
              'disapproved': 0,
              'longest_streak': 0,
              'overdue': 1,
              'points': 0.0,
            }),
          }),
          'weekly': dict({
            '2025-W51': dict({
              'approved': 0,
              'claimed': 0,
              'disapproved': 0,
              'longest_streak': 0,
              'overdue': 1,
              'points': 0.0,
            }),
          }),
          'yearly': dict({
            '2025': dict({
              'approved': 3,
              'claimed': 3,
              'disapproved': 0,
              'longest_streak': 1,
              'overdue': 1,
              'points': 0.0,
            }),
          }),
        }),
        'state': 'overdue',
      }),
      'b8a9c342-8ac8-4f7b-b099-c1ff9e3b3875': dict({
        'badge_refs': list([
        ]),
        'last_approved': None,
        'last_claimed': None,
        'last_disapproved': None,
        'last_longest_streak_all_time': None,
        'last_overdue': None,
        'name': 'Brush Teeth AM',
        'periods': dict({
          'all_time': dict({
            'all_time': dict({
              'approved': 43,
              'claimed': 14,
              'disapproved': 0,
              'longest_streak': 5,
              'overdue': 0,
              'points': 0.0,
            }),
          }),
          'daily': dict({
            '2025-04-22': dict({
              'approved': 0,
              'claimed': 0,
              'disapproved': 0,
              'longest_streak': 1,
              'overdue': 0,
              'points': 0.0,
            }),
            '2025-12-18': dict({
              'approved': 0,
              'claimed': 0,
              'disapproved': 0,
              'longest_streak': 0,
              'overdue': 0,
              'points': 0.0,
            }),
          }),
          'monthly': dict({
            '2025-04': dict({
              'approved': 0,
              'claimed': 0,
              'disapproved': 0,
              'longest_streak': 5,
              'overdue': 0,
              'points': 0.0,
            }),
            '2025-12': dict({
              'approved': 0,
              'claimed': 0,
              'disapproved': 0,
              'longest_streak': 0,
              'overdue': 0,
              'points': 0.0,
            }),
          }),
          'weekly': dict({
            '2025-W17': dict({
              'approved': 0,
              'claimed': 0,
              'disapproved': 0,
              'longest_streak': 5,
              'overdue': 0,
              'points': 0.0,
            }),
            '2025-W51': dict({
              'approved': 0,
              'claimed': 0,
              'disapproved': 0,
              'longest_streak': 0,
              'overdue': 0,
              'points': 0.0,
            }),
          }),
          'yearly': dict({
            '2025': dict({
              'approved': 43,
              'claimed': 14,
              'disapproved': 0,
              'longest_streak': 5,
              'overdue': 0,
              'points': 0.0,
            }),
          }),
        }),
        'state': 'pending',
      }),
      'dffde5cf-98a0-4626-a15d-76483001c196': dict({
        'badge_refs': list([
        ]),
        'last_approved': None,
        'last_claimed': None,
        'last_disapproved': None,
        'last_longest_streak_all_time': None,
        'last_overdue': None,
        'name': 'Take out Trash',
        'periods': dict({
          'all_time': dict({
            'all_time': dict({
              'approved': 0,
              'claimed': 0,
              'disapproved': 0,
              'longest_streak': 0,
              'overdue': 0,
              'points': 0.0,
            }),
          }),
          'daily': dict({
            '2025-12-18': dict({
              'approved': 0,
              'claimed': 0,
              'disapproved': 0,
              'longest_streak': 0,
              'overdue': 0,
              'points': 0.0,
            }),
          }),
          'monthly': dict({
            '2025-12': dict({
              'approved': 0,
              'claimed': 0,
              'disapproved': 0,
              'longest_streak': 0,
              'overdue': 0,
              'points': 0.0,
            }),
          }),
          'weekly': dict({
            '2025-W51': dict({
              'approved': 0,
              'claimed': 0,
              'disapproved': 0,
              'longest_streak': 0,
              'overdue': 0,
              'points': 0.0,
            }),
          }),
          'yearly': dict({
            '2025': dict({
              'approved': 0,
              'claimed': 0,
              'disapproved': 0,
              'longest_streak': 0,
              'overdue': 0,
              'points': 0.0,
            }),
          }),
        }),
        'state': 'pending',
      }),
      'e50d528f-c0ac-4a03-85c6-15afc46d8aaa': dict({
        'badge_refs': list([
        ]),
        'last_approved': None,
        'last_claimed': None,
        'last_disapproved': None,
        'last_longest_streak_all_time': None,
        'last_overdue': None,
        'name': 'Make it Sparkle',
        'periods': dict({
          'all_time': dict({
            'all_time': dict({
              'approved': 3,
              'claimed': 2,
              'disapproved': 0,
              'longest_streak': 1,
              'overdue': 0,
              'points': 0.0,
            }),
          }),
          'daily': dict({
            '2025-04-10': dict({
              'approved': 0,
              'claimed': 0,
              'disapproved': 0,
              'longest_streak': 1,
              'overdue': 0,
              'points': 0.0,
            }),
            '2025-12-18': dict({
              'approved': 0,
              'claimed': 0,
              'disapproved': 0,
              'longest_streak': 0,
              'overdue': 0,
              'points': 0.0,
            }),
          }),
          'monthly': dict({
            '2025-04': dict({
              'approved': 0,
              'claimed': 0,
              'disapproved': 0,
              'longest_streak': 1,
              'overdue': 0,
              'points': 0.0,
            }),
            '2025-12': dict({
              'approved': 0,
              'claimed': 0,
              'disapproved': 0,
              'longest_streak': 0,
              'overdue': 0,
              'points': 0.0,
            }),
          }),
          'weekly': dict({
            '2025-W15': dict({
              'approved': 0,
              'claimed': 0,
              'disapproved': 0,
              'longest_streak': 1,
              'overdue': 0,
              'points': 0.0,
            }),
            '2025-W51': dict({
              'approved': 0,
              'claimed': 0,
              'disapproved': 0,
              'longest_streak': 0,
              'overdue': 0,
              'points': 0.0,
            }),
          }),
          'yearly': dict({
            '2025': dict({
              'approved': 3,
              'claimed': 2,
              'disapproved': 0,
              'longest_streak': 1,
              'overdue': 0,
              'points': 0.0,
            }),
          }),
        }),
        'state': 'pending',
      }),
      'e5c3b45b-e063-41f6-81fe-d11b24da41d5': dict({
        'badge_refs': list([
        ]),
        'due_date': '2025-04-23T23:30:00+00:00',
        'last_approved': None,
        'last_claimed': None,
        'last_disapproved': None,
        'last_longest_streak_all_time': None,
        'last_overdue': '2025-12-19T05:10:49.426758+00:00',
        'name': 'Clean Litter PM',
        'periods': dict({
          'all_time': dict({
            'all_time': dict({
              'approved': 42,
              'claimed': 13,
              'disapproved': 0,
              'longest_streak': 3,
              'overdue': 1,
              'points': 0.0,
            }),
          }),
          'daily': dict({
            '2025-12-18': dict({
              'approved': 0,
              'claimed': 0,
              'disapproved': 0,
              'longest_streak': 0,
              'overdue': 1,
              'points': 0.0,
            }),
          }),
          'monthly': dict({
            '2025-12': dict({
              'approved': 0,
              'claimed': 0,
              'disapproved': 0,
              'longest_streak': 0,
              'overdue': 1,
              'points': 0.0,
            }),
          }),
          'weekly': dict({
            '2025-W51': dict({
              'approved': 0,
              'claimed': 0,
              'disapproved': 0,
              'longest_streak': 0,
              'overdue': 1,
              'points': 0.0,
            }),
          }),
          'yearly': dict({
            '2025': dict({
              'approved': 42,
              'claimed': 13,
              'disapproved': 0,
              'longest_streak': 3,
              'overdue': 1,
              'points': 0.0,
            }),
          }),
        }),
        'state': 'overdue',
      }),
      'f0258b5a-db9c-485b-aff6-eab9c52c4384': dict({
        'badge_refs': list([
        ]),
        'last_approved': None,
        'last_claimed': None,
        'last_disapproved': None,
        'last_longest_streak_all_time': None,
        'last_overdue': None,
        'name': 'Tidy Room',
        'periods': dict({
          'all_time': dict({
            'all_time': dict({
              'approved': 2,
              'claimed': 1,
              'disapproved': 0,
              'longest_streak': 1,
              'overdue': 0,
              'points': 0.0,
            }),
          }),
          'daily': dict({
            '2025-04-10': dict({
              'approved': 0,
              'claimed': 0,
              'disapproved': 0,
              'longest_streak': 1,
              'overdue': 0,
              'points': 0.0,
            }),
            '2025-12-18': dict({
              'approved': 0,
              'claimed': 0,
              'disapproved': 0,
              'longest_streak': 0,
              'overdue': 0,
              'points': 0.0,
            }),
          }),
          'monthly': dict({
            '2025-04': dict({
              'approved': 0,
              'claimed': 0,
              'disapproved': 0,
              'longest_streak': 1,
              'overdue': 0,
              'points': 0.0,
            }),
            '2025-12': dict({
              'approved': 0,
              'claimed': 0,
              'disapproved': 0,
              'longest_streak': 0,
              'overdue': 0,
              'points': 0.0,
            }),
          }),
          'weekly': dict({
            '2025-W15': dict({
              'approved': 0,
              'claimed': 0,
              'disapproved': 0,
              'longest_streak': 1,
              'overdue': 0,
              'points': 0.0,
            }),
            '2025-W51': dict({
              'approved': 0,
              'claimed': 0,
              'disapproved': 0,
              'longest_streak': 0,
              'overdue': 0,
              'points': 0.0,
            }),
          }),
          'yearly': dict({
            '2025': dict({
              'approved': 2,
              'claimed': 1,
              'disapproved': 0,
              'longest_streak': 1,
              'overdue': 0,
              'points': 0.0,
            }),
          }),
        }),
        'state': 'pending',
      }),
      'f2b30a1d-7678-4af0-a9b0-a83283e63e87': dict({
        'badge_refs': list([
        ]),
        'last_approved': None,
        'last_claimed': None,
        'last_disapproved': None,
        'last_longest_streak_all_time': None,
        'last_overdue': None,
        'name': 'Brush Teeth PM',
        'periods': dict({
          'all_time': dict({
            'all_time': dict({
              'approved': 12,
              'claimed': 7,
              'disapproved': 0,
              'longest_streak': 3,
              'overdue': 0,
              'points': 0.0,
            }),
          }),
          'daily': dict({
            '2025-04-21': dict({
              'approved': 0,
              'claimed': 0,
              'disapproved': 0,
              'longest_streak': 1,
              'overdue': 0,
              'points': 0.0,
            }),
            '2025-12-18': dict({
              'approved': 0,
              'claimed': 0,
              'disapproved': 0,
              'longest_streak': 0,
              'overdue': 0,
              'points': 0.0,
            }),
          }),
          'monthly': dict({
            '2025-04': dict({
              'approved': 0,
              'claimed': 0,
              'disapproved': 0,
              'longest_streak': 3,
              'overdue': 0,
              'points': 0.0,
            }),
            '2025-12': dict({
              'approved': 0,
              'claimed': 0,
              'disapproved': 0,
              'longest_streak': 0,
              'overdue': 0,
              'points': 0.0,
            }),
          }),
          'weekly': dict({
            '2025-W17': dict({
              'approved': 0,
              'claimed': 0,
              'disapproved': 0,
              'longest_streak': 3,
              'overdue': 0,
              'points': 0.0,
            }),
            '2025-W51': dict({
              'approved': 0,
              'claimed': 0,
              'disapproved': 0,
              'longest_streak': 0,
              'overdue': 0,
              'points': 0.0,
            }),
          }),
          'yearly': dict({
            '2025': dict({
              'approved': 12,
              'claimed': 7,
              'disapproved': 0,
              'longest_streak': 3,
              'overdue': 0,
              'points': 0.0,
            }),
          }),
        }),
        'state': 'pending',
      }),
    }),
    'chore_stats': dict({
      'approved_all_time': 197,
      'approved_month': 0,
      'approved_today': 0,
      'approved_week': 0,
      'approved_year': 197,
      'avg_per_day_month': 0.0,
      'avg_per_day_week': 0.0,
      'claimed_all_time': 197,
      'claimed_month': 0,
      'claimed_today': 0,
      'claimed_week': 0,
      'claimed_year': 81,
      'current_approved': 0,
      'current_claimed': 0,
      'current_due_today': 0,
      'current_overdue': 4,
      'disapproved_all_time': 0,
      'disapproved_month': 0,
      'disapproved_today': 0,
      'disapproved_week': 0,
      'disapproved_year': 0,
      'longest_streak_all_time': 11,
      'longest_streak_month': 0,
      'longest_streak_week': 0,
      'longest_streak_year': 11,
      'most_completed_chore_all_time': 'Feed Cat AM',
      'most_completed_chore_month': 'Feed Cat AM',
      'most_completed_chore_week': 'Feed Cat AM',
      'most_completed_chore_year': 'Feed Cat AM',
      'overdue_count_all_time': 4,
      'overdue_month': 4,
      'overdue_today': 4,
      'overdue_week': 4,
      'overdue_year': 4,
      'total_points_from_chores_all_time': 0.0,
      'total_points_from_chores_month': 0.0,
      'total_points_from_chores_today': 0.0,
      'total_points_from_chores_week': 0.0,
      'total_points_from_chores_year': 0.0,
    }),
    'chore_streaks': dict({
      '0e34edfa-4c67-4edb-b2dc-81aecbaba55a': dict({
        'current_streak': 1,
        'last_date': '2025-04-06',
        'max_streak': 1,
      }),
      '299913fd-2e39-4550-801e-d8516ec81ede': dict({
        'current_streak': 1,
        'last_date': '2025-04-21',
        'max_streak': 2,
      }),
      '2fb9a182-3f33-4069-97d3-f8c4f0a5203c': dict({
        'current_streak': 1,
        'last_date': '2025-03-07',
        'max_streak': 1,
      }),
      '423d4c15-8792-41a3-939d-28d69004c9ca': dict({
        'current_streak': 1,
        'last_date': '2025-04-10',
        'max_streak': 1,
      }),
      '5c2050fe-0378-4f5b-aa0f-5feaa7eaef25': dict({
        'current_streak': 1,
        'last_date': '2025-04-22',
        'max_streak': 11,
      }),
      '67eacd5b-ed84-4b4f-8061-6f26254369c1': dict({
        'current_streak': 1,
        'last_date': '2025-04-18',
        'max_streak': 1,
      }),
      '747cf738-9011-44e4-afaf-774a795b1db3': dict({
        'current_streak': 1,
        'last_date': '2025-04-21',
        'max_streak': 2,
      }),
      'ac122869-5d58-4d19-9d37-b3065b050463': dict({
        'current_streak': 1,
        'last_date': '2025-04-21',
        'max_streak': 2,
      }),
      'b54547f1-21bb-46a8-b056-3e3679a60726': dict({
        'current_streak': 1,
        'last_date': '2025-04-17',
        'max_streak': 1,
      }),
      'b8a9c342-8ac8-4f7b-b099-c1ff9e3b3875': dict({
        'current_streak': 1,
        'last_date': '2025-04-22',
        'max_streak': 5,
      }),
      'e50d528f-c0ac-4a03-85c6-15afc46d8aaa': dict({
        'current_streak': 1,
        'last_date': '2025-04-10',
        'max_streak': 1,
      }),
      'e5c3b45b-e063-41f6-81fe-d11b24da41d5': dict({
        'current_streak': 1,
        'last_date': '2025-04-22',
        'max_streak': 3,
      }),
      'f0258b5a-db9c-485b-aff6-eab9c52c4384': dict({
        'current_streak': 1,
        'last_date': '2025-04-10',
        'max_streak': 1,
      }),
      'f2b30a1d-7678-4af0-a9b0-a83283e63e87': dict({
        'current_streak': 1,
        'last_date': '2025-04-21',
        'max_streak': 3,
      }),
    }),
    'claimed_chores': list([
      '5c2050fe-0378-4f5b-aa0f-5feaa7eaef25',
      'b8a9c342-8ac8-4f7b-b099-c1ff9e3b3875',
    ]),
    'completed_chores_monthly': 85,
    'completed_chores_today': 0,
    'completed_chores_total': 197,
    'completed_chores_weekly': 10,
    'cumulative_badge_progress': dict({
      'current_badge_id': '2ad673de-d456-49a6-96d5-f8832a1590ef',
      'current_badge_name': 'Bronze',
      'current_threshold': 500.0,
      'cycle_points': 632.0,
    }),
    'enable_notifications': False,
    'ha_user_id': '8b9b778553eb45019c0f3e0834349332',
    'internal_id': 'cec5825f-b2d6-4387-8abd-f999b4827c90',
    'last_chore_date': '2025-04-22',
    'max_points_ever': 1290.0,
    'mobile_notify_service': '',
    'name': 'Payton',
    'overall_chore_streak': 1,
    'overdue_chores': list([
      'e5c3b45b-e063-41f6-81fe-d11b24da41d5',
      '747cf738-9011-44e4-afaf-774a795b1db3',
      '2fb9a182-3f33-4069-97d3-f8c4f0a5203c',
      'b54547f1-21bb-46a8-b056-3e3679a60726',
    ]),
    'overdue_notifications': dict({
      '2fb9a182-3f33-4069-97d3-f8c4f0a5203c': '2025-12-19T05:10:49.426551+00:00',
      '747cf738-9011-44e4-afaf-774a795b1db3': '2025-12-19T05:10:49.426551+00:00',
      'b54547f1-21bb-46a8-b056-3e3679a60726': '2025-12-19T05:10:49.426551+00:00',
      'e5c3b45b-e063-41f6-81fe-d11b24da41d5': '2025-12-19T05:10:49.426551+00:00',
    }),
    'penalty_applies': dict({
    }),
    'pending_rewards': list([
    ]),
    'point_data': dict({
      'periods': dict({
        'weekly': dict({
          '2025-W51': dict({
            'by_source': dict({
              'other': 60.0,
            }),
            'points_total': 60.0,
          }),
        }),
        'yearly': dict({
          '2025': dict({
            'by_source': dict({
              'other': 1290.0,
            }),
            'points_total': 1290.0,
          }),
        }),
      }),
    }),
    'point_stats': dict({
      'avg_points_per_day_month': 0.0,
      'avg_points_per_day_week': 8.57,
      'highest_balance': 1290.0,
      'points_by_source_all_time': dict({
        'other': 1290.0,
      }),
      'points_by_source_month': dict({
      }),
      'points_by_source_today': dict({
      }),
      'points_by_source_week': dict({
        'other': 60.0,
      }),
      'points_by_source_year': dict({
        'other': 1290.0,
      }),
      'points_earned_all_time': 1290.0,
      'points_earned_month': 0,
      'points_earned_today': 0,
      'points_earned_week': 60.0,
      'points_earned_year': 1290.0,
      'points_net_all_time': 1290.0,
      'points_net_month': 0.0,
      'points_net_today': 0.0,
      'points_net_week': 60.0,
      'points_net_year': 1290.0,
      'points_spent_all_time': 0.0,
      'points_spent_month': 0,
      'points_spent_today': 0,
      'points_spent_week': 0,
      'points_spent_year': 0,
    }),
    'points': 632.0,
    'points_earned_monthly': -454.0,
    'points_earned_today': 0.0,
    'points_earned_weekly': 60.0,
    'points_multiplier': 1.2,
    'redeemed_rewards': list([
    ]),
    'reward_approvals': dict({
      '1efc185d-1132-41ca-9957-caedf9ee6ecd': 10,
    }),
    'reward_claims': dict({
      '1efc185d-1132-41ca-9957-caedf9ee6ecd': 17,
    }),
    'today_chore_approvals': dict({
    }),
    'use_persistent_notifications': False,
  })
# ---
